Calvin Jong-a-Pin (d. 18 Temmuz 1986), Yokohama FC takımında defans pozisyonunda görev yapan Hollandalı futbolcudur.
M. F. Husain (d. 29 Kasım 1913 - ö. 9 Haziran 2011), Progressive Artists Group of Bombay üyesi Hint ressamdır.
Doğan Cüceloğlu, kırktan fazla bilimsel makalesi yayınlanan bir psikolog ve çeşitli topluluklara bilimsel psikoloji çerçevesinde gelişim seminerleri sunan bir iletişim psikolojisi uzmanıdır.
İmparator Jiaqing  veya asıl adıyla Yongyan (永琰) (13 Kasım 1760-2 Eylül 1820), Çin'in Qing Hanedanı'nın yedinci imparatorudur.
Nicola Rizzoli (d. 5 Ekim 1971, Bologna), İtalyan hakem.
Celalettin Asildaroğlu Korkmazov veya Celalettin Asildaroviç Korkmazov (Rusça: Vladimir Lenin'in yakın çalışma arkadaşlarındandır.
Zemfira Talğatovna Ramazanova (Kiril: Земфира Талгатовна Рамазанова) Rus rock şarkıcısı.
Morgan Wolf Page (d. 31 Mayıs 1981), ABD'li DJ ve müzik yapımcısı.
Marina Hands (d. 10 Ocak 1975, Paris), Fransız aktris.
Brooke Christa Camille Shields (d. 31 Mayıs 1965, New York) ABD'li aktris, model.
Mehmet Kürtül, (d. 1 Ocak 1956, Osmaniye) Türk hakim.
William Walton Bill Sharman (25 Mayıs 1926; Abilene, Teksas - 25 Ekim 2013, Redondo Beach) Amerikalı eski profesyonel basketbolcu ve koçtur.
Andrés Segovia Torres (21 Şubat 1893; Linares, Endülüs – 2 Haziran 1987, Madrid), gitarcı İspanyol müzisyen.
Hristo Atanasov Bonev-Zuma ( d. 3 Şubat 1947) Bulgar eski futbolcudur.
Metin Yıldız (d. 24 Kasım 1960, Sivas), Türk eski futbolcu, teknik direktör.
Dursun Ali Erzincanlı (d. 1969 Erzurum) Türk sanatçı ve şair.
Orlando Engelaar (d. 24 Ağustos 1979, Rotterdam) Hollandalı futbolcudur.
Harry S Truman (d. 8 Mayıs 1884 – ö. 26 Aralık 1972), Amerika Birleşik Devletleri'nin 33. başkanıdır.
José Joaquín Esquivel Martínez (d. 7 Ocak 1998), Meksikalı futbolcudur.
Metin Savaş (d. 1965, Balıkesir) Türk Yazar.
Liborio Sánchez (d. 9 Ekim 1989), Meksikalı futbolcudur.
Wormphlegm, 2000 yılında Lahti'de kurulmuş bir Fin funeral doom metal ve drone metal grubudur.
Rona Serozan, Türk medeni hukuk profesörü, hukukçu ve avukat.
Amin Nasir (1968 - 16 Ocak 2017), Singapurlu eski millî futbolcu ve teknik direktör.
Nil Şükran Göncü (d. 10 Nisan 1950, İstanbul - ö. 3 Eylül 1969), Türk sinema oyuncusu.
Brooke Hogan (d. 5 Mayıs 1988 Tampa, Florida), ABD'li şarkıcı, aktris ve  model.
orta saha pozisyonunda görev yapan Japon futbolcudur.
Merve Safa Kavakçı (19 Ağustos 1968, Ankara), Türk akademisyen, siyasetçi ve diplomat.
Mustafa Hulki Cevizoğlu, (d. 1 Mayıs 1958, Giresun), Türk gazeteci, yazar ve televizyon programcısı.
Mustafa Rifat Hisarcıklıoğlu (d. 22 Kasım 1955, Ankara) Aslen Kayserili olan M. Rifat Hisarcıklıoğlu, 365 Oda ve Borsayı ve 1,5 milyon üyeyi kapsayan, iş kuruluşu olan Türkiye Odalar ve Borsalar Birliği (TOBB)’un Başkanı'dır.
Ali Akif Eyidoğan (1895, İstanbul - 16 Aralık 1974), Türk siyasetçi.
Jordi Xumetra Feliú (d. 24 Ekim 1985), orta saha pozisyonunda görev yapan İspanyol futbolcudur.
Ashwin Sundar (d. 27 Temmuz 1985 –ö. 18 Mart 2017) ,Hint otomobil yarışçısı.
Ergün Berisha (d. 24 Haziran 1988, Zürih, İsviçre), Türk futbolcudur.
devlet adamı.
Hakan Çalışkan (d. 20 Mayıs 1968, Malatya), Türk eski futbolcu.
Özer Umdu (d. 1 Ocak 1952, Balıkesir), Türk eski futbolcu.
Gordon Daniel Hayward (d. 23 Mart 1990), National Basketball Association (NBA) takımlarından Boston Celtics  forması giyen Amerikalı profesyonel basketbolcu.
Galip Hasan Kuşçuoğlu, Galibi Tarikatı'nın piri.
Theodor Wisch (d. 13 Aralık 1917 - ö. 11 Ocak 1995), II. Dünya Savaşı sırasında Waffen-SS generali ve 1. SS Panzer Tümeni Leibstandarte SS Adolf Hitler komutanı.
Sıla Saygı (2 Ocak 1996, Ankara) Türk buz patenci.
Leslie Howard (3 Nisan 1893 - 1 Haziran 1943), Macar asıllı İngiliz sahne ve sinema oyuncusu.
Şükriye Atav (d. 4 Temmuz 1917, İstanbul - ö. 8 Ekim 2000, Antalya), Türk sinema ve tiyatro oyuncusu.
Hiroaki Morishima (d. 30 Nisan 1972), Japon eski millî futbolcudur.
Christiane Taubira ya da Christiane Taubira-Delannon (d. 2 Şubat 1952, Cayenne, Fransız Guyanası) 16 Mayıs 2012 tarihinde Fransa'nın Adalet Bakanı olarak atanmış Fransız siyasetçi.
Richard Swann (d. 15 Şubat 1991), Amerikalı profesyonel güreşçi.
Kate Elizabeth Winslet (d. 5 Ekim 1975), Oscar (Akademi), BAFTA, SAG, Emmy, Grammy  ve Altın Küre sahibi İngiliz oyuncu.
Vladan Kujović (d. 23 Ağustos 1978), Sırp futbolcudur.
Hasan Enver Paşa (d. 1857, İstanbul – ö. 1929, İstanbul) Osmanlı askeri.
Kazuya Igarashi (d. 24 Ekim 1965), Japon eski futbolcudur.
Şükrü Ersoy (d. 1 Aralık 1931, İstanbul), Türk eski millî futbolcu ve teknik direktör.
Monguş Buyan-Badırgı (Tuvaca: Монгуш Буян-Бадыргы); 25 Nisan 1892 — 22 Mart 1932) — Tuva sosyal aktivist ve Tuva devleti kurucusu.
Pamela Spence, ya da bilinen adıyla Pamela  (d. 25 Şubat 1973 Heidelberg, Almanya ), Türk rock ve elektronik müzik şarkıcısı.
Yılmaz Gökdel (d. 20 Şubat 1940, İstanbul), Türk eski millî futbolcu ve teknik adam.
Mete Akyol (d. 1935, Ordu, ö. 3 Kasım 2016 Ataşehir, İstanbul), Türk gazeteci-yazar.
Jasika Nicole, Birmingham, Alabama doğumlu Amerikan aktris ve ressamdır.
Ciprian Tătărușanu (d. 9 Şubat 1986), Nantes takımında kaleci pozisyonunda görev yapan Rumen millî futbolcudur.
Avenged Sevenfold, Confide
Daniel Gregory Feuerriegel, Sidney'de 29 Ekim 1981 tarihinde dünyaya gelmiş Avustralyalı televizyon ve dizi oyuncusu.
mboyutu                    =
Yılmaz Meydaneri (d. 3 Eylül, 1959, Ankara), Türk tiyatro, sinema ve televizyon oyuncusu ve seslendirme sanatçısı.
Takayuki Toyomitsu (d. 2 Nisan 1987), Japon eski futbolcudur.
Erik Aadahl (d. 16 Eylül 1976, San Francisco) Amerikalı ses editörü.
Vilija Matačiūnaitė (24 Haziran 1986, Vilnius, Litvanya) Litvan şarkıcı-şarkı yazarı ve oyuncu.
Roy Evans (d. 4 Ekim 1948), defans pozisyonunda görev yapmış İngiliz futbolcu ve teknik direktör.
Eliezer Gomes (2 Nisan 1920 - 12 Şubat 1979), Brezilyalı oyuncu.
(d. 21 Nisan 1987) eski bir Güney Koreli futbol oyuncusudur.
Kazuyori Mochizuki (d. 20 Kasım 1961), Japon eski futbolcudur.
Adnan Darendeliler, (d. 1929, Amasya, Türkiye), Türk bürokrat.
Hideaki Kubo (d. 12 Mart 1979), Japon eski futbolcudur.
Gül Yalaz (d. 1 Ocak 1939 - ö. 7 Mayıs 2013), Türk sinema ve dizi oyuncusu.
Monster Magnet, Amerikalı stoner rock müzik grubu.
Junior Ross (d. 19 Şubat 1986), Peru'lu futbolcudur.
Giuseppe Pellizza da Volpedo, (d. Volpedo, 28 Eylül 1868 -ö.Volpedo, 14 Temmuz 1907), politik anlamı sembolleşmiş Il Quarto Stato (Dördüncü Kuvvet) tablosu ile ünlenen İtalyan ressam.
si
Louis Charles Bréguet (2 Ocak 1880, - 4 Mayıs 1955) Fransız pilot, uçak tasarımcısı ve sanayici.
Bulgaristanda Razgrad ilinin Vladimirovtsi Hebib köyünde doğdu.
Juan Ramón Barrera Pérez (d. 2 Mayıs 1989), Comunicaciones takımında orta saha pozisyonunda görev yapan Nikaragualı millî futbolcudur.
Ashikaga Yoshimasa (; 20 Ocak 1436-27 Ocak 1490), Ashikaga şogunluğunun sekizinci şogunudur.
Abidin Cevher Özden (d. 1933, Trabzon  -ö.2 Haziran 2008, İstanbul), Türk iş adamı, banker.
Rebeka Dremelj (d. 25 Temmuz 1980, Brežice, Slovenya) Sloven şarkıcı, manken, moda tasarımcısı.
Yusaku Ueno (d. 1 Kasım 1973), Japon eski futbolcudur.
Sean Reinert, 27 Mayıs 1971 doğumlu baterist.
Beşir Çelebioğlu (d. 1937, Şemmoke, Mardin) - (ö.6 Nisan 1994), Türk siyasetçi.
Dilara Büyükbayraktar (d. 23 Ekim 1989, İzmir), Türk Oyuncu.
Prof. Dr. Mehmet Nevid Kodallı (d. 12 Ocak 1925, Mersin - ö. 1 Eylül 2009, Mersin) Türk besteci, kompozitör, müzik eğitmeni.
Ulf Michael Widenius (d. 3 Mart 1962, Helsinki, Finlandiya) Finlandiyalı bir bilgisayar bilimcisidir.
Christoffer Mafoumbi (d. 3 Mart 1994), Kongolu futbolcudur.
Anastase Murekezi (d. 15 Haziran 1952), Ruandalı siyasetçi.
José Edmílson Gomes Moraes veya kısaca Edmilson (d. 10 Temmuz 1976, Taquaritinga), İtalyan asıllı Brezilyalı futbolcudur.
Alpaslan Dikmen (d. 20 Aralık 1965 - ö. 27 Eylül 2008), Türk foto-muhabiri ve Galatasaray taraftar grubu ultrAslan'ın kurucusu ve ilk Genel Koordinatörü.
Taişo (d. 31 Ağustos 1879 - ö. 25 Aralık 1926), 1912-1926 arasında Japon imparatoru.
Raşit Dağdeviren (1945), Türk eski futbolcu.
Jacques Tardi, Fransız çizgiroman sanatçısı, 30 Ağustos 1946'da Valence, Drôme'da doğmuştur.
Marco Borriello, (d. 18 Haziran 1982), İtalyan millî futbolcudur.
bsite        =
Yohei Taniike (d. 5 Nisan 1977), Japon eski futbolcudur.
Bots Hollandalı müzik grubu.
Suat Fetgeri Aşeni Tarı (d. 22 Eylül 1916 - ö. 22 Nisan 1970), Türk eskrimci.
Vincent Paul Abbott, bilinen diğer adıyla Vinnie Paul (11 Mart 1964 - 22 Haziran 2018) Hellyeah bateristi ve yapımcısıdır, fakat en iyi bir şekilde tanındığı grup, kurucu üyelerinden de biri olduğu groove metal grubu Pantera'dır.
