Toni Polster (d. 10 Mart 1964), forvet pozisyonunda görev yapmış Avusturyalı millî futbolcu ve teknik direktör.
Gizem Memiç (d. 16 Mayıs 1990 Gaziantep, Türkiye) Türk model ve Güzellik Kraliçesi unvanı sahibi.
Irvin Kershner, (d. 23 Nisan 1923, Philadelphia - ö. 27 Kasım 2010) ABD'li film yönetmenidir.
Nikolaos Nikos Spiropulos (Yunan: Νικόλαος Νίκος Σπυρόπουλος, 10 Ekim 1983, Atina), sol bek mevkiinde görev yapan Yunan millî futbolcudur.
Isabel Granada (d. 3 Mart 1976 –ö.4 Kasım 2017) ,Filipinli kadın şarkıcı ve oyuncu.
James Forrest, (d. 7 Temmuz 1991 Prestwick), İskoç futbolcudur.
Egehan Arna (d. 5 Ocak 1997) Basketbol Süper Ligi ekiplerinden Fenerbahçe forması giyen Türk basketbolcudur.
Erik Israelsson (doğum 25 Şubat 1989), İsveçli futbolcudur.
İlhan Mimaroğlu, (d. 11 Mart 1926 - ö. 17 Temmuz 2012), Türk besteci ve yazar.
Furkan İlker Baştan (d. 14 Eylül 1982, Samsun, Türkiye) Türk futbolcudur.
Yuto Takeoka (d. 24 Haziran 1986), Japon futbolcudur.
Miguel Fernando Pereira Rodrigues (d. 16 Mart 1993), Portekizli futbolcudur.
Peter Riegert, Bronx 1947 ABD doğumlu sinema oyuncusudur.
Edward Franciszek Szczepanik ( d. 22 Ağustos 1915, Suwałki, Polonya - ö. 11 Ekim 2005, Worcestershire, İngiltere) Polonyalı bir ekonomist ve Sürgündeki Polonya Hükümeti'nin son Başbakanıydı.
Shun Kumagai (d. 7 Ağustos 1996), Japon futbolcudur.
Recep Bilginer (1922, Adana - 17 Haziran 2005, Ankara), Türk gazeteci ve oyun yazarı.
Javi López (d. 26 Ocak 1986), İspanyol futbolcudur.
Christopher Stephen Chris Copeland (d. 17 Mart 1984), Basketbol Süper Ligi takımlarından Tofaş  forması giyen Amerikalı profesyonel basketbolcu.
Nuri Kamburoğlu (d. 24 Mayıs 1967, Bartın), Türk eski futbolcudur.
Kral II. Sobhuza (d. 22 Temmuz 1899 - ö. 21 Ağustos 1982), Svazilandlı hükümdar.
Abidin İnan Gaydalı ya da Zeynelabidin İnan, (d. 1923, Hizan, Bitlis) - (ö.10 Haziran 1990), Türk siyasetçi.
Burçin Bircan (4 Ağustos 1984; İzmir - 9 Ocak 2004; Zeytinburnu), Türk manken ve model.
Harout Pamboukjian, Ermenice: Հարութ Փամբուկչյան (d. Erivan-1950) Ermeni asıllı Amerikalı pop müzik sanatçısı.
Levon Ekmekçiyan (Ermeni: Լևոն Էքմէքճեան, 1958, Burç Hamud - 28 Ocak 1983, Ankara), 7 Ağustos 1982 tarihinde dokuz kişinin yaşamını yitirdiği 72'sinin ise yaralandığı Esenboğa Havalimanı'nın bombalanması olayının faillerinden olan ASALA'ya mensup militandır.
'Lois McMaster Bujold', (d. 2 Kasım 1949, Columbus, Ohio) Amerikalı bilim kurgu ve fantezi romanı yazarı.
Mehmet Mümtaz Işıngör (d. 16 Mayıs 1933, İstanbul), Türk ressam ve heykeltıraş.
Harshad Arora (d. 3 Eylül 1987)
Jerry Nelson Palacios Suazo (d. 1 Kasım 1981), Real Sociedad takımında forvet pozisyonunda görev yapan  Honduraslı millî futbolcudur.
Katsuyuki Kawachi (d. 27 Nisan 1955), Japon eski millî futbolcudur.
Andrea Costa (d. 1 Şubat 1986), Benevento takımında orta saha pozisyonunda görev yapan İtalyan futbolcudur.
Benian Dönmez (d. 3 Mart 1965), Türk tiyatro oyuncusu.
(d. 11 Şubat 1947 lakap: Uçūjin Uzaylı), Japonya'nın eski Başbakanı, göreve 16 Eylül 2009'de başladı.
Merve Oflaz (d. 23 Mayıs 1988, İstanbul), Türk oyuncu.
Samson Mbingui (d. 9 şubat 1992), Raja Casablanca takımında orta saha pozisyonunda görev yapan Gabonlu millî futbolcudur.
Nursel Aydoğan (17 Kasım 1958, Bursa), Türk siyasetçi.
Zeynep Çamcı (d. 11 Aralık 1986, Bodrum, Muğla), Türk oyuncu.
Sinan Bakış (d. 22 Nisan 1994), Almanya doğumlu Türk futbolcudur.
Matthew Brett Cardona ya da bilinen adıyla: Zack Ryder (d. 14 Mayıs 1985), Amerikalı profesyonel güreşçi.
Daniel Márquez (d. 18 Ocak 1987), Meksikalı futbolcudur.
Nicola Peltz (d. 9 Ocak 1995), Amerikalı oyuncu.
Mark Huberman (d.1981), İrlandalı aktör.
Şakir Şeker (1945, Sivas, Türkiye), Türk hukukçu ve siyasetçi.
James Bannatyne (d. 30 Haziran 1975), kaleci pozisyonunda görev yapmış Yeni Zelandalı millî futbolcudur.
Chrysovalantis Kozoronis (d. 3 Ağustos 1992), Yunan futbolcudur.
Christopher Charles Lloyd (d. 30 Nisan 1982), sahne adıyla Lloyd Banks, ABD'li rapçi ve G-Unit grubunun bir üyesidir.
Faik Paşa, Süleyman Faik veya Ahmed Faik, olarak da bilinir (1876, Köprülü (Veles) - 30 Ağustos 1916, Oğnut, Karlıova), Osmanlı generali, Maşrık-ı Azam-ı Osmanî adıyla kurulan büyük mason locasının büyük üstadı.
Ömer Hevsavi (d. 27 Eylül 1985), Suudi futbolcudur.
Andreas Rudolf Kisser (d. 24 Ağustos 1968 São Bernardo do Campo), Brezilyalı müzisyen.
Yusuf Odabaş, (d. 1952, Kozlu, Samsun, Türkiye), Türk bürokrat.
Patrick Gaumer (17 Ağustos 1957, Segré), Fransız yazar, gazeteci.
Knife Party, Dubstep ve daha çok Drum N Bass grubu Pendulum'da vokallik yapan Rob Swire ve bas gitaristlik yapan Gareth McGrillen'in kurduğu bir Avustralyalı Electro House, EDM oluşumudur.
Shabazz Bozie Napier (d. 14 Temmuz 1991), National Basketball Association (NBA) ekiplerinden Orlando Magic forması giyen Amerikalı profesyonel basketbolcu.
Robert Hooker (d. 6 Mart 1967), defans pozisyonunda görev yapan Avustralyalı millî futbolcu ve teknik direktördür.
George Hornidge Porter (6 Aralık 1920 - 31 Ağustos 2002) İngiliz kimyager.
Cenk Akyol, (d. 16 Nisan 1987, Kadıköy İstanbul), Türkiye Basketbol 1. Ligi takımlarından Acıbadem Üniversitesi SK'de forma giyen Türk Millî profesyonel basketbolcudur.
Onur Cenik (d. 24 Eylül 1993 Hagen), Türk asıllı Alman futbolcudur.
James Schoolcraft Sherman (d. 24 Ekim 1855 - ö. 30 Ekim 1912) Amerikalı siyasetçi.
Ebenezer Cobb Morley (16 Ağustos 1831, Kingston upon Hull - 20 Kasım 1924, Londra), İngiliz futbolcu ve spor yöneticisi.
Hatunoğlu Kurt İsmail Hakkı Paşa (d. 1818, Kars - ö. 22 Şubat 1897, İstanbul), Osmanlı askeri ve dönemin Diyarbakır ve Erzurum Valisi.
George Orson Welles (6 Mayıs 1915, Kenosha - 10 Ekim 1985, Los Angeles), Amerikalı oyuncu, yönetmen, yazar ve yapımcı.
Rami Sebei ya da bilinen adıyla: Sami Zayn (d. 12 Temmuz 1984), Kanadalı profesyonel güreşçi.
Mevlüt Karakaya (d. 15 Ağustos 1963 Çavuşlu, Bala, Ankara), Türk siyasetçi.
Hacı İbrahim Kabarık (d. 1956, Bartın), Türk siyasetçi.
A. Necat Birecik (d. 1963, İskenderun), Türk tiyatrocu, yönetici.
Nuri Pakdil (d. 1934, Kahramanmaraş), Türk yazar ve fikir adamı.
Hiroyuki Kobayashi (d. 18 Nisan 1980), Japon eski futbolcudur.
Shavkat Mullajanov (d. 19 Ocak 1986), Özbek futbolcu.
Faik Canselen (d. 1908 Kırklareli - ö. 17 Eylül 2009, İstanbul ), Türk besteci, müzik öğretmeni.
Wei Shihao (d. 8 Nisan 1995), Beijing Guoan takımında orta saha pozisyonunda görev yapan Çinli millî futbolcudur.
Erhan Ufak (d. 5 Mayıs 1978, Elâzığ), Türk oyuncu.
Robert Almer (d. 20 Mart 1984), Austria Wien takımında kaleci pozisyonunda görev yapan Avusturyalı millî futbolcudur.
Ferhat Çerçi (d. 2 Eylül 1981), forvet pozisyonunda görev yapmış Türk-Alman futbolcu ve teknik direktördür.
Emin Nedim Günar (1 Ocak 1932, Bandırma - 7 Eylül 2011, İstanbul), Türk futbolcu ve teknik direktör.
Tekin Kurtuluş (d. 16 Eylül 1968 Uşak, Türkiye) Türk kökenli Alman oyuncu.
Teodora Poštič (d. 25 Eylül 1984, Jesenice, Slovenya), Slovenyalı artistik buz patencisi.
Barry Jenkins (d. 19 Kasım 1979, Miami, Florida), Los Angeles'ta yaşayan Amerikalı yönetmen ve yazar.
Karleen Bradford (d. 16 Aralık 1936) Kanadalı çocuk kitabı yazarı.
Trackmasters (diğer adıyla Poke & Tone), Amerikalı prodüksiyon ekibi.
Andrea Louise Riseborough (d. 27 Ekim 1981), İngiliz oyuncu.
Erno Emppu Matti Juhani Vuorinen (d. 24 Haziran 1978, Kitee) Nightwish gitaristi Fin müzisyen, söz yazarı.
Károly Sándor Pallai (5 Haziran 1986, Miskolc, Macaristan) okyanusçi, kreyolci, bilim adamı, edebiyat tarihçi, şair ve çevirmen.
Marin Barleti (Latince: Marinus Barletius; doğumu: 1450, İşkodra; ölümü: 1513, Roma).
Reinhard Scheer (d. 30 Eylül 1863 – ö. 26 Kasım 1928), Kaiserliche Marine Amirali.
Nasır Belci (d. 1 Aralık 1955, Adana) Türk eski futbolcu, teknik direktör.
Stanley Atani (d. 27 Ocak 1990), Tahiti'li futbolcudur.
Ziya Şengül (d. 1944, İstanbul), Türk eski millî futbolcu ve teknik direktör, futbol yorumcusu.
Kevin Mark DuBrow (29 Kasım 1955 - 19 Kasım 2007), Amerikalı bir rock grubu olan Quiet Riot'un vokalisti.
(d. 2 Şubat 1487 - ö. 22 Temmuz 1540), 1511'den itibaren Erdel voyvodası, 1526'dan ölümüne değin Macaristan Kralı.
II. Seleukos Kallinikos Pogon (d. ?
Andy van der Meyde (d. 30 Eylül 1979, Arnhem, Hollanda) Hollandalı futbolcudur.
Pak Kwang-Ryong (d. 27 Eylül 1992), Lausanne takımında forvet pozisyonunda görev yapan Kuzey Koreli millî futbolcudur.
Tomoyuki Arata (d. 3 Ekim 1985), Japon futbolcudur.
Frank Owen Gehry (gerçek adı Ephraim Goldberg), 28 Şubat 1929 Toronto doğumlu mimar ve tasarımcı.
Takumi Horiike (d. 6 Eylül 1965), Japon eski millî futbolcudur.
Bruno Cheyrou(d. 10 Mayıs 1978, Hauts-de-Seine), Fransız eski futbolcudur.
Claude Lévi-Strauss (28 Kasım 1908 - 30 Ekim 2009), Fransız antropolog, etnolog ve yapısalcı antropolojinin en önemli ismi.
Josef Čtyřoký (d. 30 Eylül 1906, Smíchov - ö. 11 Ocak 1985) Çek futbolcudur.
Aleksandar Čavrić (d. 18 Mayıs 1994), Sırp futbolcudur.
Takanori Chiaki (d. 19 Temmuz 1987), Japon futbolcudur.
Edguy 1992 yılında Almanya'nın Fulda şehrinde kurulmuş power metal grubudur.
Shailene Diann Woodley 15 Kasım 1991’de Simi Valley, Kaliforniya'da doğdu.
Claiton Fontoura dos Santos (d. 25 Ocak 1978), Brezilyalı eski futbolcudur.
Joselito Vaca (d. 12 Ağustos 1982, Santa Cruz de la Sierra), Bolivyalı eski millî futbolcudur.
Funda Arar (d. 8 Nisan 1975, Ankara), Türk pop müzik şarkıcısı.
Heinz Guderian (17 Haziran 1888; Kulm - Chelmno, Batı Prusya - 14 Mayıs 1954; Schwangau, Allgäu, Bavyera), II. Dünya Savaşı'nda görev almış bir Alman generaldir.
Philippe Charles Lucien Christanval (d. 31 Ağustos 1978, Paris), Guadeloupe asıllı Fransız eski millî futbolcudur.
Luiz Henrique de Souza Santos (d. 23 Eylül 1982, Campo Grande), Brezilyalı futbolcudur.
Muhammed Faiz (23 Eylül 1937, Gucranvala - 29 Ekim 2014), Pakistanlı güreşçi.
Lee Sang-Hyuk (Korece: 이상혁) daha çok bilinen sahne adıyla Lee Dawon Güney Koreli şarkıcı ve oyuncu.
Muhammed Said Ramazan el-Buti (d. 1929, Cizre, Türkiye - ö. 21 Mart 2013), Kürt asıllı Suriye'li, İslam alimi ve yazar.
Vanessa Ble (d. 12 Ağustos 1991, Abican, Fildişi Sahili), İspanyalı basketbolcu.
Shohei Takahashi (d. 27 Ekim 1991), Japon futbolcudur.
Grégory Pujol (d. 25 Ocak 1980, Paris), Fransız futbolcudur.
Makoto Kitano (d. 17 Temmuz 1967), Japon eski futbolcudur.
Alberto Grass (7 Mart 1995), İtalyan futbolcudur.
Luc Besson, (d. 18 Mart 1959), Fransız sinemacı ve film yapımcısı.
Nélson Barbosa Conceição (d. 1 Ocak 1988), Brezilyalı futbolcudur.
Dragoljub Mihailović veya Draža Mihailović (Sırpça: Драгољуб Дража Михаиловић; 27 Nisan 1893 - 17 Temmuz 1946) II. Dünya Savaşı'nda görev yapmış Yugoslavyalı Sırp generaldir.
Semra Özal (d. 12 Ocak 1934, İstanbul), 8. Türkiye Cumhurbaşkanı Turgut Özal'ın eşi.
Papa II. Gregorius (d. 669 – o. 11 Şubat 731), 19 Mayıs 715 - 11 Şubat 731 döneminde papalık yapmıştır.
Volkan Bekçi (d. 15 Şubat 1987, Vakfıkebir) Türk futbolcudur.
Dame Vera Lynn DBE (d. 20 Mart 1917 East Ham, Essex, İngiltere), İngiliz kadın şarkıcı ve aktris.
Thomas Wolsey (Mart 1473 – 29 Kasım 1530; bazen Woolsey şeklinde yazılır.
Anıl Koç (d. 29 Ocak 1995, Saint-Josse-ten-Noode), Belçikalı-Türk futbolcudur.
Vigdís Finnbogadóttir (d. 15 Nisan 1930, Reykjavik), 1980 ila 1996 yılları arasında İzlanda dördüncü Cumhurbaşkanı olarak görev yapan İzlandalı bir politikacı.
Dündar Taşer (d. 15 Mayıs 1925 - ö. 14 Haziran 1972) 27 Mayıs Darbesi gerçekleştiren 38 kişilik Millî Birlik Komitesi üyesi, emekli kurmay binbaşı.
José Fonte (d. 22 Aralık 1983), West Ham United takımında  pozisyonunda görev yapan Portekizli millî futbolcudur.
Paolo Orlandoni (d. 12 Ağustos 1972), İtalyan eski kaleci.
Mesut Yılmaz (d. 23 Şubat 1989, Rize), Türk futbolcudur.
Özlem Gökçe (d. 1972), Türk mimar, finansçı ve iş kadını.
Khalil Abdul-Rahman, sahne adı ile DJ Khalil, Amerikalı prodüktördür.
Tim Smolders (d. 26 Ağustos 1980), Belçikalı futbolcudur.
Kemalettin Tuğcu (d. 27 Aralık 1902 - ö. 18 Ekim 1996), Türk yazar.
Faik Ocak (d. 1906 Balıkesir) - (ö.31 Temmuz 1962), Türk siyasetçi.
Isaac Okoronkwo (d. 1 Mayıs 1978), defans pozisyonunda görev yapmış Nijeryalı millî futbolcudur.
Fahri Kasırga (20 Ocak 1953; Çayeli, Rize), Türk bürokrat ve Cumhurbaşkanlığı Genel Sekreteri.
Jean-François Copé (d. 5 Mayıs 1964, Boulogne-Billancourt (Hauts-de-Seine)), Fransız siyasetçi.
Mina Witkojc (Alman adı: Wilhelmine Wittka; 28 Mayıs 1893; Burg, Alman İmparatorluğu - 11 Kasım 1975; Niederlausitz, Doğu Almanya), Sorb şair ve yayıncı.
Simon Busk Poulsen (d. 7 Ekim 1984 Sønderborg), sol bek mevkiinde oynayan Danimarkali millî futbolcudur.
Takashi Fukunishi (d. 1 Eylül 1976), Japon eski millî futbolcudur.
Maicol Berretti (d. 1 Mayıs 1989, San Marino), San Marinolu futbolcudur.
Hüseyin Yalın veya bilinen adıyla Yalın  (d. 30 Mart 1980 Nişantaşı, İstanbul), Türk pop şarkıcısı, besteci ve söz yazarıdır.
Koki Mizuno (d. 6 Eylül 1985) Japon millî futbolcudur.
Elizabeth Fries Lummis Ellet (d. 18 Ekim 1818, Sodus Point, New York - ö. 3 Haziran 1877, New York City), yazar, tarihçi ve şairdir.
David Joseph Valentin (d. 29 Nisan 1952  ö. 8 Mart 2017), ABD'li latin, caz müzisyeni ve flüt sanatçısı.
Steely Dan, Grammy ödülü sahibi, Walter Becker ve Donald Fagen merkezli Amerikalı caz ve rock grubu.
Vincent Triest,  Arnavut-Hollandalı gazeteci.
Evaldo Silva dos Santos (d. 4 Ocak 1983), Brezilyalı eski futbolcudur.
Hüseyin Yalçın (d. 31 Aralık 1984, Bornova) Türk futbolcudur.
Baltacı Mehmed Paşa  veya Pakçamüezzin Baltacı Mehmed Paşa (d. 1662, Osmancık, Çorum – ö. 1712, Limni), III. Ahmed saltanatında, 25 Aralık 1704 - 3 Mayıs 1706 ve 19 Ağustos 1710 - 20 Kasım 1711 dönemlerinde iki kez sadrazamlık yapmış Osmanlı devlet adamı.
José Ilson dos Santos ya da kısaca Taílson (d. 28 Kasım 1975), Sociedade Esportiva River Plate takımında forvet pozisyonunda görev yapan Brezilyalı futbolcudur.
Bertrand Arthur William Russell, 3. Earl Russell (18 Mayıs 1872 - 2 Şubat 1970), Britanyalı filozof, matematikçi, tarihçi, toplumsal eleştirmen.
Nádson Rodrigues de Souza (d. 30 Ocak 1982), Brezilyalı eski futbolcudur.
Wilhelm Molterer (d. 14 Mayıs 1955, Steyr) Avusturyalı siyasetçi.
Hiroki Akino (d. 8 Ekim 1994), Japon futbolcudur.
Ashley Judd (d. Ashley Tyler Ciminella 19 Nisan 1968), Amerikalı oyuncu ve siyasal eylemci.
Kenan Büke (10 Mayıs 1918, İstanbul - 3 Temmuz 1993, İstanbul), Türk tiyatrocu, komedi oyuncusu, sinema sanatçısı.
Luka Peruzović (d. 26 Şubat 1952, Split), Hırvat asıllı Yugoslav eski millî futbolcu ve teknik direktör.
Jean-Alain Boumsong  (d. 14 Aralık 1979, Kamerun), Panathinaikos forması giyen Fransız milli defans oyuncusu.
No Name, Karadağlı müzik grubu.
Ruhullah Musavi Humeyni (Fars: سید روح‌الله خمینی‎, 22 Eylül 1902, Humeyn - 3 Haziran 1989, Tahran), İran İslam Devrimi'nin siyasi, hukuki ve ruhani önderidir.
Julen Guerrero López (d. 7 Ocak 1974), orta saha pozisyonunda görev yapmış İspanyol millî futbolcudur.
Randy Savage  (d. 1952 - ö. 20 Mayıs 2011), ABD'li profesyonel güreşçi.
Barbaros Yardım (1950), Türk eski futbolcu.
Robert Koçaryan (d. 31 Ağustos 1954 Hankendi, Azerbaycan SSC), Ermenistan Cumhuriyeti'nin Levon Ter-Petrosyan'dan sonraki ikinci devlet başkanıdır.
Armando Izzo (d. 2 Mart 1992), Genoa takımında defans pozisyonunda görev yapan İtalyan futbolcudur.
Mervan Hüseyin (d. 4 Ocak 1991), Iraklı futbolcudur.
Ali İhsan Balım (1923, Senirkent, Isparta - 9 Eylül 2013), Türk siyasetçi.
Baron Dezső Bánffy de Losonc (28 Ekim 1843, Kaloşvar - 24 Mayıs 1911, Budapeşte), Macar siyasetçi.
Jeff Golub (d. 15 Nisan 1955  ö. 1 Ocak 2015) , Amerikalı caz ve rock müzisyeni ve gitaristi.
İmparator Sakuramachi ( Sakuramachi-tennō; 8 Şubat 1720-28 Mayıs 1750), Japonya'nın geleneksel veraset düzenine göre 115. imparatorudur.
Seyid Azim Şirvani (d. 1835 - ö. 1888), Azeri şair ve öğretmen.
Engin Şenkan, (d. 1 Ocak 1944, İstanbul) Türk tiyatro ve sinema oyuncusu.
Bobby Simmons (doğum 2 Haziran 1980; Chicago, Illinois) NBA takımı Los Angeles Clippers'ta forma giyen Amerikalı profesyonel basketbolcudur.
Şah Mahmud Hüseyin Kureyşi ( d. 22 Haziran 1956, Multan), Pakistanlı siyasetçi.
David Batista (d. 13 Nisan 1989), Brezilyalı futbolcudur.
Hasbi Menteşoğlu (d. 1938, Çarşamba - ö. 27 Şubat 2002, Nişantaşı), Menteşoğlu Holding'in ortaklarından merhum iş adamı, eski Kırkpınar Ağası, Çarşambaspor ve Samsunspor başkanı.
Abdulrahman el-Kahtani ( d. 22 Mayıs 1983), orta saha pozisyonunda görev yapmış Suudi millî futbolcudur.
Yaşar Çetin (d. 10 Şubat 1985, Karabük), Türk futbolcudur.
Neil Jordan (d. 1950, Sligo) İrlandalı yazar, senarist ve film yönetmeni.
Rúben Rafael Sousa Ferreira (d. 17 Şubat 1990), Portekizli futbolcudur.
Thomas Lemar (d. 12 Kasım 1995), Monaco takımında orta saha pozisyonunda görev yapan Fransız millî futbolcudur.
İrem Karamete (d. 20 Haziran 1993, İstanbul), Türk eskrimci.
Manuel Rubén Abimael Guzmán Reynoso (d. 3 Aralık 1934), takma adı Başkan Gonzalo, eski felsefe profesörü, Peru’daki Aydınlık Yol devrimci hareketinin lideri.
Seher Başdaş (1 Mart 1948 - 14 Mayıs 1992), Türk oyuncu, dansçı ve fotomodel.
Yılmaz Cemal Bor, (d. 1934, Bahçeli, Bor, Niğde) - (ö.20 Ekim 2014), Türk siyasetçi.
Manuel Vilas (d. 1962, Huesca, İspanya) İspanyol şair ve romancıdır.
Chad Channing (d. 31 Ocak 1967 Santa Rosa, Kaliforniya), Amerikalı baterist.
III. Gıyaseddin Keyhüsrev (d. 1259, ö. 1284), Türkiye Selçuklu Sultanı ve IV. Kılıç Arslan'ın oğludur.
Luis Oscar 'Lucho' González (d. 19 Ocak 1981, Buenos Aires), Arjantinli futbolcudur.
Richard Bohringer (d. 16 Ocak 1941), Fransız aktör.
Simone Missiroli (23 Mayıs 1986), İtalyan futbolcudur.
Papa (d. 2 Haziran 1835, Riese, Venetia, Avusturya İmparatorluğu - ö. 20 Ağustos 1914, Roma),  4 Ağustos 1903 tarihinden 20 Ağustos 1914 tarihine dek görevde kalmış papa.
Antônio Bento dos Santos (d. 18 Aralık 1971), Brezilyalı eski futbolcudur.
Hilal Nebahat Çehre (d. 15 Mart 1944, Samsun), Türk oyuncu, şarkıcı ve modeldir.
Liam Simon Moore (d. 31 Ocak 1993), Reading takımında defans pozisyonunda görev yapan İngiliz futbolcudur.
Emre Aydın (d. 2 Şubat 1981, Isparta), Türk şarkıcı-şarkı yazarı.
Mehmet Ali Arsan, (d. 1933, Ilgaz, Çankırı) - (ö.21 Mayıs 2002), Türk siyasetçi.
İlhan Parlak (d. 18 Ocak 1987 Yahyalı), Türk futbolcu .
Jerome Sinclair (20 Eylül 1996), İngiliz futbolcudur.
Dirk Werner Nowitzki (d. 19 Haziran 1978), NBA takımlarından Dallas Mavericks forması giyen Alman profesyonel basketbolcudur.
Victor Oladipo (d. 4 Mayıs 1992), Amerikan profesyonel basketbol oyuncusu.
1948 yılında Ankara'da dünyaya geldi.
Alejandro Doria (1 Kasım 1936 - 17 Haziran 2009), Arjantinli ünlü film yönetmeni, senarist.
George Denis Patrick Carlin (12 Mayıs 1937 - 22 Haziran 2008), komedi albümleri sayesinde 5 kez Grammy ödülü kazanmış İrlanda asıllı Amerikalı komedyen, oyuncu ve yazar.
Ahmet Yıldız (d. 6 Haziran 1960 Artvin),  &nbsp Türk yazar,  eleştirmen, dergi genel yayın yönetmeni
George Knobel (d. 10 Aralık 1920 ö. 5 Mayıs 2012), Hollandalı eski teknik direktör.
Kırkaltı, 2000 yılında kurulan, Türk rock grubu.
James Clerk Maxwell (d. 13 Haziran 1831 - ö. 5 Kasım 1879), İskoç teorik fizikçi ve matematikçi.
Katerina Alexandre Kat Graham (d. 5 Eylül 1989, Cenevre), Amerikalı oyuncu, şarkıcı, dansçı ve modeldir.
Mirza Şefi Vazeh (Azerbaycan alfabesi: Mirzə Şəfi Vazeh) - Azerbaycanlı şair, eserlerini Azerbaycan Türkçesinde ve Farsça yazmıştır.
Viktor Kassai (d. 10 Eylül 1975), Macar futbol hakemi.
Saleh Sultansoy (d. 1952 - Bakü, Azerbaycan) Azerbaycan Türkü bilim insanı ve eğitimci, TOBB Ekonomi ve Teknoloji Üniversitesi öğretim üyesi.
'Joshua Daniel Hartnett' (d. 21 Temmuz 1978, Minnesota, ABD), ABD'li sinema aktör ve yapımcısı.
Georgie Welcome (d. 9 Mart 1985), forvet pozisyonunda görev yapan Honduraslı millî futbolcudur.
Köprülülü Hamdi Bey, (1888 - 18 Şubat 1920), Türk asker ve bürokrat.
William Jøhnk Nielsen (d. 5 Temmuz 1997 Hundested, Danimarka), Danimarkalı oyuncu.
Iván Hurtado (d. 16 Ağustos 1974), defans pozisyonunda görev yapmış Ekvadorlu millî futbolcudur.
Henri Bienvenu Ntsama (d. 5 Temmuz 1988, Garoua), Kamerunlu millî futbolcudur.
Mehmet Keskinoğlu (d. 25 Mart 1945 - ö. 3 Mayıs 2002), Türk tiyatro,sinema ve seslendirme sanatçısı şair .
José Luis Brown (d. 10 Kasım 1956), defans pozisyonunda görev yapmış Arjantinli millî futbolcu ve teknik direktördür.
Salih Butka (; 1852-1938), Arnavut gerilla, şair ve Görice kentinin delegelerinden biriydi.
Victoria Tennant (d. 30 Eylül 1950 Londra) ,Ünlü İngiliz aktris.
Lawrence Wright (d. 2 Ağustos 1947, Oklahoma City), Amerikalı yazar, senarist ve gazeteci.
Tamam Saeb Selam (13 Mayıs 1945, Beyrut), Lübnanlı siyasetçi.
Hasip Ahmet Aytuna, (d. 1895, Vidin) - (ö.25 Mayıs 1980), Türk siyasetçi.
Timur Savcı (d. 1975), Türk sinema dizi ve film yapımcısı.
Birce Akalay (d. 19 Haziran 1984, İstanbul) Türk oyuncu.
Franck Emmanuel Issoze-Ngondet (2 Nisan 1961), Gabonlu diplomat ve siyasetçi.
Fernando Llorente Torres  (d. 26 Şubat 1985) Swansea City'de forma giyen İspanyol, forvet.
Hiroshi Tetsuto (d. 28 Eylül 1982), Japon eski futbolcudur.
Denisse Iridane Franco Piña (d. 3 Mart 1998, Sinaloa, Meksika), Miss Mexico 2017 tacını takmış Meksika'nın güzellik kraliçesi.
Jefferson de Oliveira Galvão (d. 2 Ocak 1983 São Vicente, São Paulo), Botafogo takımında kaleci pozisyonunda görev yapan Brezilyalı futbolcudur.
Cansu Dicle Tosun (d. 26 Ocak 1988, Nürnberg) Almanya doğumlu Türk dizi oyuncusu.
Massimo Volta (14 Mayıs 1987), İtalyan futbolcudur.
Chico Flores (d. 6 Mart 1987), İspanyol futbolcudur.
Justin Wilson (d. 31 Temmuz 1978, Sheffield,  ö. 24 Ağustos 2015, Pennsylvania ) , İngiliz Formula 1 ve IndyCar yarışçısı.
Edward Theodore Riley (d. 8 Ekim 1966), Amerikalı prodüktör, şarkıcı-söz yazarı ve müzisyen.
Dyzaiss-Lys Mouithys Mickalad (d. 4 Temmuz 1985, Brazzaville), Kongolu futbolcu.
Ajlan Büyükburç (13 Kasım 1970, İstanbul - 22 Temmuz 1999, Muğla), Türk şarkıcı.
Thom Mayne (d. 19 Ocak 1942, Waterbury, Connecticut, ABD) Los Angeles’da yaşayan ABD’li bir mimardır.
Nikolay Platonoviç Patruşev ( d. 11 Temmuz 1951 Leningrad, Sovyetler Birliği), Rusya Federasyonu Güvenlik Konseyi Sekreteri olarak görev yapan Rus subay ve siyasetçi.
Chuck Berry, (d. 18 Ekim 1926, St. Louis, Missouri, ABD - ö. 18 Mart 2017 St. Charles, Missouri, ABD.), ABD'li müzisyen ve rock'n'roll sanatçısı.
Zoumana Camara, (d. 3 Nisan 1979, Colombes, Hauts-de-Seine) Fransız futbolcudur.
aç3 =
Metin Altıok (d. 14 Mart 1940, Bergama - 9 Temmuz 1993, Ankara), Türk şair, yazar.
Shu Nagai (d. 26 Mayıs 1980), Japon eski futbolcudur.
Nellie Bly, (d. 5 Mayıs 1864, Pensilvanya, ABD - ö. 27 Ocak 1922, New York City), ABD'li gazeteci.
Pierre-Alain Frau (d. 15 Nisan 1980, Montbéliard), Fransız futbolcudur.
Hera Björk tam adıyla: Hera Björk Þórhallsdóttir (29 Mart, 1972; Reykjavik, İzlanda) İzlandalı şarkıcı.
Albert Chinualumogu Achebe, (d. 16 Kasım 1930 - ö. 21 Mart 2013) daha çok Chinua Achebe ismiyle tanınan Nijeryalı romancı, şâir, profesör ve eleştirmen.
Silvia Pinal, 12 Eylül 1931 doğumlu Meksikalı sinema ve tiyatro oyuncusu, yapımcı.
Deniz Uğur (d. 17 Ekim 1973, Ankara, Türkiye) Sinema, Tiyatro, Dizi Oyuncusu, Dublaj Sanatçısı ve Senaryo Yazarı.
Carlos Alberto Fernandes, (d. 8 Aralık 1979, Kinşasa, Zaire), kaleci mevkiinde görev yapan Portekiz asıllı Angolalı futbolcudur.
Yaşar Memişoğullarından (d. 4 Kasım 1990, Seyhan), Türk futbolcu.
John Fredrik Reinfeldt (d. 4 Ağustos 1965), İsveçli iktisatçı, öğretim görevlisi, Liberal Muhafazakâr Ilımlı Parti Başkanı ve İsveç'in 32. başbakanıdır.
Michael Laudrup, (d. 15 Haziran 1964, Frederiksberg) Danimarkalı eski millî futbolcu ve teknik direktör.
Sedat Karaoğlu (8 Şubat 1960, İzmir- 1 Haziran 2014, Bornova), Türk eski millî futbolcudur.
Olcay Kavuzlu (d. 11 Haziran 1970 Almanya), Türk tiyatro dizi, sinema oyuncusu.
Godsmack 1995 yılında kurulmuş bir Amerikalı Hardrock/Heavy metal grubudur.
Anouk Anna Hoogendijk (d. 6 Mayıs 1985), Arsenal Ladies'de forma giyen Hollandalı kadın futbolcudur.
Baek Jin-hee (d. 8 Şubat 1990) Güney Koreli oyuncu.
Emin Cankurtaran (1 Temmuz 1930, Malatya - 20 Şubat 2009), Türk iş adamı ve eski spor adamı.
André Campos Moreira (d. 2 Aralık 1995), Portekizli futbolcudur.
Jean-Baptiste Poquelin daha bilinen adıyla Molière (15 Ocak 1622 – 17 Şubat 1673), Fransız oyun yazarı ve oyuncu.
Rifat Erdem (d. 28 Şubat 1990, Karatay), Türk futbolcudur.
VI. İvan (İvan Antonoviç) (23 Ağustos 1740 - 16 Temmuz 1764), 1740-1741'de Rus çarı.
Mevlüt Demiryay (d. 1 Ocak 1965) Türk tiyatro, sinema oyuncusu ve İstanbul Şehir Tiyatroları'nın kadrolu oyuncusudur.
Francis Baily (d. 28 Nisan 1774, Newbury - ö. 30 Ağustos 1844, Londra), İngiliz astronom.
Jean Dausset, (d. 19 Ekim 1916, Toulouse, Fransa - ö. 6 Haziran 2009, Palma, Malorca, İspanya), Fransız immünolog.
Levent Gülen (d. 24 Şubat 1994) İsviçre doğumlu futbolcudur.
Masaharu Kotani (d. 21 Haziran 1973), Japon eski futbolcudur.
Masanori Suzuki (d. 15 Eylül 1968), Japon eski futbolcudur.
Aylin Coşkun (d. 1976, Almanya), Türk şarkıcı ve modeldir.
Béla Tarr (d. 21 Temmuz 1955, Pécs, Macaristan), Macar sinema yönetmeni, yapımcısı ve senarist.
Todd Phillips (d. 20 Aralık 1970), ABD'li senarist ve yönetmen.
Bogdan Romuald Tuszyński (d. 4 Temmuz 1932  ö. 1 Ocak 2017) ,Polonyalı spor yorumcusu, muhabir, gazeteci, yazar ve tarihçi.
İsmail Saymaz (d. 11 Temmuz 1980, Rize) Türk gazeteci ve yazar.
Uğur Uğur (d. 28 Mart 1989, Samsun), Türk futbolcudur.
Johnath Marlone (doğum 2 Nisan 1992) Brezilyalı futbolcudur.
Sergey Rodiyonov (d. 3 Eylül 1962), forvet pozisyonunda görev yapmış eski Rus futbolcudur.
Bob Norman Ross (29 Ekim 1942; Daytona Sahili, Florida, ABD - 4 Temmuz 1995; Yeni Smyrna Sahili, Florida, ABD), Amerika Birleşik Devletleri'nden ressam ve televizyoncu.
Claudia Testoni (d. 19 Aralık 1915 - ö. 17 Temmuz 1998), İtalyan atlet.
Hüzeyfe Doğan (d. 1 Ocak 1981, Karakoçan) Türk-Alman futbolcudur.
Francis Rawdon Chesney, (16 Mart 1789 - 30 Ocak 1872) İngiliz general ve kaşif.
Ricardo Gabriel Álvarez (12 Mart 1988), İngiliz futbolcudur.
Charles David Stross (d. 18 Ekim 1964), Britanyalı roman ve hikâye yazarı, yazılımcı.
I. Edmund (; 921 – 26 Mayıs 946), (Muhteşem olarak adlandırılır, ingilizce lakapları: the Elder, the Deed-doer, the Just, ya da the Magnificent), 939 yılından ölümüne kadar İngiltere Kralı.
Fatih Birol (22 Mart 1958, Ankara), Türk ekonomist ve enerji uzmanı.
Enis Behiç Koryürek, (d. 11 Mart 1891, İstanbul - ö. 18 Ekim 1949, Ankara) Türk şair, öğretmen, diplomat ve bürokrat.
Jonas Smulders (d. 1994), Hollandalı oyuncu.
Yohandry Orozco (d. 19 Mart 1991), Venezuela'lı millî futbolcudur.
Robert James Hoffman III (21 Eylül 1980) bir Amerikalı film ve televiziyon aktörüdür.
Yuki Abe (d. 6 Ekim 1981), Japon futbolcudur.
Milton do Ó (d. 24 Şubat 1979, Ponta Grossa), Brezilyalı eski futbolcudur.
Itır Esen (d. 17 Aralık 1956 İstanbul), Türk sinema sanatçısı.
Andriy Fartushnyak (Ukraynaca: Андрій Петрович Фартушняк; 24 Mart 1989), Ukraynalı futbolcudur.
İhsan Özbek (d. 1945, Adapazarı), Türk eski futbolcu.
Hedvig Lærke Rasmussen (d. 22 Aralık 1993, Frederiksberg) Danimarkalı kürekçi.
Delio Cesar Toledo Rodas (d. 10 Şubat 1976), Paraguaylı eski millî futbolcudur.
