Alparslan Erdem (d. 11 Aralık 1988, Almanya), Almanya'da yetişmiş Türk futbolcusu.
Azar Karadaş (d. 9 Ağustos 1981, Sogn og Fjordane), Norveçli futbolcudur.
Şahnaz Çakıralp (d. 1 Ekim 1975, İstanbul), Türk oyuncu.
Vedat Bora (d. 27 Ocak 1995, Gebze), genç millî Türk futbolcudur.
Nicolai Jørgensen (d. 15 Ocak 1991), Feyenoord takımında forvet pozisyonunda görev yapan Danimarkalı futbolcudur.
Ertuğrul Kürkçü (d. 5 Mayıs 1948, Bursa), sosyalist aktivist, yayıncı ve yazar.
Pir Sultan Abdal asıl adı Haydar olan, 16. yüzyılda yaşamış, Alevi-Türk halk şairi ve ozanıdır.
David Bradley (d. 17 Nisan 1942) İngiliz oyuncu.
Jean de Brunhoff (d. 9 Aralık 1899 - ö. 16 Ekim 1937), Fransız yazar ve illüstratör.
Julie Taton (d. 6 Şubat 1984, Namur, Belçika), 2003 yılında ülkesinde 'Miss Belçika' seçilmiştir.
Frans Eemil Sillanpää (d. 16 Eylül 1888 – ö. 3 Haziran 1964), Fin yazar.
Mladen Mladenović (d. 13 Eylül 1964), orta saha pozisyonunda görev yapmış Hırvat millî futbolcu ve teknik direktördür.
Alessandro Costacurta (d. 24 Nisan 1966 Orago, Varese), İtalyan eski futbolcu, teknik direktör.
Christian Samba (d. 26 Mart 1971), kaleci pozisyonunda görev yapan Kongolu millî futbolcudur.
Mohanad Salem (d. 1 Mart 1985), BAEli futbolcu.
Hacı İvaz Mehmed Paşa (ö.1743, İnebahtı) I. Mahmud saltanatında, 22 Mart 1739 - 23 Haziran 1740 tarihleri arasında bir yıl üç ay iki gün sadrazamlık ve çeşitli valilikler yapmış; 1735-1739 Osmanlı-Rus-Avusturya Savaşı'nda bütün savaşın kaderini etkileyen Hisarcık Muharebesi'ni kazanmış, Osmanlı devlet adamıdır.
Lyli Herse (d. 6 Ocak 1928 – ö. 4 Ocak 2018) ,Eski Fransız kadın bisiklet yarışçısıdır.
Alpay İzer (d. 1944, Erzurum - ö. 20 Ekim 1989, İstanbul) Türk sinema ve tiyatro sanatçısı, oyuncu, yazar.
Recep Kömürcü (d. 3 Nisan 1955, İskilip), Türkiye Cumhuriyeti Anayasa Mahkemesi üyesidir.
Joell Ortiz (d. 6 Temmuz 1980), Amerikalı rapçi.
Alaattin Tosun (d. 10 Kasım 1983, Akçaabat, Trabzon) Türk futbolcudur.
Raymond Queneau (21 Şubat 1903, Le Havre - 25 Ekim 1976, Paris), Fransız yazar ve şair.
Brian Labone (d. 1940 - ö. 24 Nisan 2006), defans pozisyonunda görev yapmış İngiliz eski millî futbolcudur.
Ahi Evren veya Ahi Evran, (d.1171-ö.12 Nisan 1261) Ahiliğin kurucusu sayılan debbağların (dericilerin) piri, 32 çeşit esnaf ve sanatkârın lideri, Türk filozof.
Colville Norbert Young (d. 20 Kasım 1932), Belize Genel Valisi ve Belize Scout Derneği hamisi.
Osman Coşkun, (d. 1892, Develi, Kayseri) - (1 Kasım 1958), Türk siyaset adamı.
Henri Michel (29 Ekim 1947 - 24 Nisan 2018) orta saha kademesinde oynamış Fransız eski futbolcudur.
Koji Takeda (d. 14 Mayıs 1973), Japon eski futbolcudur.
Yasemin Begüm Dalgalar, (d. 8 Haziran 1988, İstanbul), Türk basketbolcu.
Rafael Vaz (d. 17 Eylül 1988), Brezilyalı futbolcudur.
Thorsten Kinhöfer (d. 27 Haziran 1968, Herne), Alman futbol hakemi.
Ersun Kazançel (d. 11 Eylül 1936, Trabzon - ö. 24 Ağustos 1993, İstanbul), Türk tiyatro, sinema ve dizi oyuncusu.
Hasan Yaşar (d. 2 Kasım 1984, Tavşanlı), Türk futbolcudur.
Bassim Abbas Gatea Al-Ogaili ( 1 Temmuz 1982, Bağdat, Irak) Iraklı millî futbolcudur.
Stephen Robert Ward (d. 20 Ağustos 1985 Dublin), sol bek ve sol açık mevkilerinde oynayan İrlandalı millî futbolcudur.
Leonid Kovel (d. 29 Temmuz 1986 , Minsk) Rus futbol kulüplerinden FK Saturn adına oynamakta olan Beyaz Rus futbolcudur.
Juan Carlos Paredes (d. 8 Temmuz 1987), Ekvadorlu futbolcudur.
Mehmet Şener Eruygur (17 Haziran 1941, Erzurum), Türk asker.
Alan Carlos Gomes Da Costa veya kısaca Alanzinho (d. 22 Şubat 1983, Rio de Janerio), Brezilyalı futbolcudur.
Saxon, 1976 yılında Barnsley, Yorkshire'da kurulan İngiliz bir heavy metal grubudur.
Claudette Colbert (13 Eylül 1903 – 30 Temmuz 1996), Fransa doğumlu ABD'li sinema ve tiyatro oyuncusu.
Alexandre-Félix-Joseph Ribot (d. 7 Şubat 1842 – ö. 13 Ocak 1923), Fransız siyasetçi.
Uzay Gökhan Irmak (d. 19 Kasım 1986, İstanbul), Türk tiyatro oyuncusu ve kısa film yönetmeni.
Jonathan Clay J. J. Redick (d. 24 Haziran 1984 Cookeville, Tennessee), NBA'de Los Angeles Clippers forması giyen Amerikalı basketbolcu.
Henry Lincoln (d. 1930), İngiliz yazar, televizyon sunucusu, senarist ve eski yardımcı oyuncu.
Celil Sağır (d. 15 Nisan 1974, Samsun), Türk eski millî futbolcudur.
Ante Ćorić (d. 14 Nisan 1997), Dinamo Zagreb takımında orta saha pozisyonunda görev yapan Hırvat millî futbolcudur.
Kim Song-gi (d. 23 Ekim 1988), defans pozisyonunda görev yapan Kuzey Koreli millî futbolcudur.
Nazmi Özoğul, (d. 1918, Edirne) - (ö.8 Ekim 1987), Türk siyasetçi.
Allison Cara Tolman (d. 18 Kasım 1981), ABD'li oyuncu.
Massimo Coda (d. 10 Eylül 1988, Cava de' Tirreni), İtalyan futbolcudur.
Çağatay Akman (d. 31 Temmuz 1998, Çankırı), Türk şarkıcı.
Shin Hyun-joon (d. Ekim 28, 1968) Güney Koreli oyuncu.
Mani (d. 216, Tizpon - ö. 276, Cündişapur), gnostik bir din olan Maniheizm'in kurucusu.
Ockhamlı William, (Occam, Hockham ve birkaç değişik şekilde bilinir.
Pavlus (d. MS 5 Tarsus – ö. 67 Roma) ya da Tarsuslu Pavlus, Pavlik Kiliselerin kurucusu Hristiyan misyoner.
Epiktetos (d. 55 – ö. 135), Yunan stoacı filozof.
Hoca Sinan Paşa (d. 1440 - ö. 1486 Gelibolu),  15. yüzyıl Osmanlı kelam ve matematik alimi ve devlet adamı.
İsmail Aydın (d. 1938 Eşme) - (ö.2 Mart 1992), Türk siyasetçi.
Julen Lopetegui Argote (d. 28 Ağustos 1966), kaleci pozisyonunda görev yapmış İspanyol millî futbolcu ve teknik direktördür.
Tomoji Eguchi (d. 22 Nisan 1977), Japon eski futbolcudur.
Guillermo Amor Martínez (d. 4 Aralık 1967), orta saha pozisyonunda görev yapmış İspanyol millî futbolcu ve teknik direktör.
Peter Iwers (d. 15 Mayıs 1975, Stokholm), İsveç asıllı grup olan In Flames'in bas gitaristidir.
Marie Dressler, ( 9 Kasım 1868 - 28 Temmuz 1934 ) Akademi Ödülü sahibi Kanadalı sinema ve tiyatro oyuncusu.
Patti Smith, (d. 30 Aralık 1946, Şikago, Illinois) - Amerikalı müzisyen, rock şarkıcısı, ressam ve şair.
Can Yaman (d. 8 Kasım 1989, İstanbul), Gönül İşleri, İnadına Aşk, Hangimiz Sevmedik ve Dolunay adlı dizilerdeki rolleriyle tanınan Türk oyuncu.
Takuya Shiihara (d. 9 Temmuz 1980), Japon eski futbolcudur.
David Andrew Platt (d. 10 Haziran 1966 Oldham, Lancashire), İngiliz eski futbolcu, teknik direktör.
Chloë Stevens Sevigny (d. 18 Kasım 1974), Akademi Ödülü ve Altın Küre Ödülü adayı Amerikalı aktris ve eski manken.
Yoshizumi Ogawa (d. 25 Ağustos 1984), Japon futbolcudur.
Halldór Laxness asıl adı Halldór Kiljan Gudjonsson (d. 23 Nisan 1902 - ö. 8 Şubat 1998), İzlandalı şair, öykü, roman, deneme, eleştiri yazarı.
Miguel Abrigo (d. 29 Mart 1974), defans pozisyonunda görev yapan Arjantinli futbolcudur.
Erem Şentürk 1974 yılında İstanbul'da dünyaya geldi.
Doğan Bavli (d. 1941, İstanbul), Tiyatro, sinema ve dizi oyuncusu, seslendirme sanatçısı.
Mehmet Enes Sığırcı (d. 24 Şubat 1993, İstanbul) Mersin İdman Yurdu'nun sözleşmeli Türk futbolcu.
Blake Edwards (d. 26 Temmuz 1922 - ö. 15 Aralık 2010) ödüllü Amerikalı yönetmen, film yapımcısı, senarist ve oyuncu.
Stefan Dragutin (; ö. 12 Mart 1316) 13. ve 14. yüzyıl Sırp lideri, 1282-1316 arası Syrmia (Srem) Kralı.
Edward Hobart Seymour, (d. 30 Nisan 1840 Warwickshire, ö. 2 Mart 1929 Berkshire) Kraliyet Donanması'nda Büyük Amiral olan İngiliz subay.
Mikkel Emil (Mikko Eemeli) Aakula; Fin siyasetçidir.
Adam Baldwin (d. 27 Şubat 1962 Chicago, Illinois), ABD'li  aktör.
Coti, Julieta Venegas ve Paulina Rubio ile yaptığı çalışmalarıyla önplana çıkmış, Esta Mañana y Otros Cuentos  albümü ile Meksika veArjantin'de bir altın,İspanya'da iki platin plak kazanmış Arjantinli müzisyen.
Satoru Mochizuki (d. 18 Mayıs 1964), Japon eski millî futbolcudur.
Kurt Marti (31 Ocak 1921; Bern - 11 Şubat 2017), İsviçreli teolog ve şair.
İbrahim Bora Ayanoğlu (d. 1 Ocak 1946, İstanbul) Türk müzisyen, şarkıcı ve oyuncu.
Alexander Grothendieck (Almanca: ɡroːtn̩diːk; Fransızca: ɡʁɔtɛndik; 28 Mart 1928  - 13 Kasım 2014) Fransız matematikçi.
İsmail Kemal Satır, (21 Nisan 1911, Adana, Türkiye - 23 Mayıs 1991, İstanbul, Türkiye), Türk hekim ve siyasetçi.
İbn Kayyim El-Cevziyye (29 Ocak 1292, Şam - 23 Eylül 1350), 14. yüzyılda yaşamış Arap tefsir ve fıkıh bilgini.
David Durmaz (d. 12 Aralık 1981), Süryani asıllı İsveçli futbolcudur.
Vilim Posinković (d. 10 Ocak 1991 Saraybosna, Yugoslavya) Hırvat futbolcudur.
Anders Jivarp (d. 18 Temmuz 1973), İsveçli melodik death metal grubu Dark Tranquillity'nin kurulduğu günden beri davulcusudur.
Elizabeth Stamatina Tina Fey (d. 18 Mayıs 1970 Pensilvanya, ABD) Amerikalı yazar, komedyen ve aktris.
Anggun Cipta Sasmi (29 Nisan 1974, Cakarta), Endonez-Fransız şarkıcı.
Bella Paige (d. Isabella Paige Yoseski, 30 Ekim 2001 - Melbourne, Avustralya) Avustralyalı Pop şarkıcı.
Alfred Karl Neuland (10 Ekim 1895 - 16 Kasım 1966), Eston halterci.
Seynan Levent (d. 8 Ağustos 1953, Denizli) Türk program yapımcısı, televizyon yönetmeni ve muhabiri.
Mehmet Fatih Öktülmüş (1949 Trabzon - 1984) TİKB önderi.
Julie Ann Gardner, MBE (d. 4 Haziran 1969), Galli televizyon yapımcısı.
Kemal Cingirt (d. 30 Ocak 1989, Altınordu, Ordu) Türk futbolcu.
Danyeshka Danna Hernández Valentín (d. 16 Ekim 1996, San Juan, Porto Riko).
